
> uttranjali-backend@1.0.0 build
> tsc

src/controllers/auth.ts(66,52): error TS2769: No overload matches this call.
  Overload 1 of 2, '(s: string, hash: string): Promise<boolean>', gave the following error.
    Argument of type 'string | undefined' is not assignable to parameter of type 'string'.
      Type 'undefined' is not assignable to type 'string'.
  Overload 2 of 2, '(s: string, hash: string, callback?: ((err: Error | null, success: boolean) => void) | undefined, progressCallback?: ((percent: number) => void) | undefined): void', gave the following error.
    Argument of type 'string | undefined' is not assignable to parameter of type 'string'.
      Type 'undefined' is not assignable to type 'string'.
src/services/cacheService.ts(37,25): error TS2551: Property 'setex' does not exist on type 'RedisClientType'. Did you mean 'setEx'?
src/services/cacheService.ts(57,25): error TS2551: Property 'setex' does not exist on type 'RedisClientType'. Did you mean 'setEx'?
src/services/cacheService.ts(79,31): error TS2556: A spread argument must either have a tuple type or be passed to a rest parameter.
src/services/cacheService.ts(89,25): error TS2551: Property 'setex' does not exist on type 'RedisClientType'. Did you mean 'setEx'?
